// Vitest Snapshot v1, https://vitest.dev/guide/snapshot.html

exports[`GET /v1/portal/dashboard — CLUB_ADMIN > returns deterministic club KPIs (snapshot) 1`] = `
{
  "isDemo": false,
  "role": "CLUB_ADMIN",
  "stats": {
    "members": 24,
    "nextDelivery": null,
    "orders": 12,
    "revenue": "4 800 kr",
    "revenueOre": 480000,
  },
}
`;

exports[`GET /v1/portal/dashboard — INTERNAL_ADMIN > returns deterministic platform KPIs (snapshot) 1`] = `
{
  "isDemo": false,
  "role": "INTERNAL_ADMIN",
  "stats": {
    "activeClubs": 56,
    "hairConversion": null,
    "mrr": "990 000 kr",
    "mrrOre": 99000000,
    "totalClubs": 56,
    "totalOrders": 1234,
  },
}
`;

exports[`GET /v1/portal/dashboard — INTERNAL_ADMIN > returns isDemo=true and 0-kr fallback when no rows 1`] = `
{
  "isDemo": true,
  "role": "INTERNAL_ADMIN",
  "stats": {
    "activeClubs": 0,
    "hairConversion": null,
    "mrr": "0 kr",
    "mrrOre": 0,
    "totalClubs": 0,
    "totalOrders": 0,
  },
}
`;

exports[`GET /v1/portal/dashboard — SALES_REP > returns deterministic sales KPIs (snapshot) 1`] = `
{
  "isDemo": false,
  "role": "SALES_REP",
  "stats": {
    "activeClubs": 7,
    "closedThisMonth": 3,
    "clubs": 7,
    "openQuotes": 5,
    "pipelineValue": "12 500 kr",
    "pipelineValueOre": 1250000,
    "quotesOut": 5,
  },
}
`;

exports[`GET /v1/portal/income > returns last 6 months earned (snapshot) 1`] = `
{
  "months": [
    {
      "month": "2026-05",
      "orderCount": 8,
      "revenueOre": 200000,
    },
    {
      "month": "2026-04",
      "orderCount": 7,
      "revenueOre": 175000,
    },
    {
      "month": "2026-03",
      "orderCount": 4,
      "revenueOre": 90000,
    },
  ],
  "totalEarnedOre": 465000,
}
`;

exports[`GET /v1/portal/pipeline > returns stage rollups and recent deals (snapshot) 1`] = `
{
  "deals": [
    {
      "createdAt": "2026-05-14T08:00:00.000Z",
      "id": "00000000-0000-0000-0000-0000000000d1",
      "orgId": "00000000-0000-0000-0000-0000000000aa",
      "orgName": "Demo Fotbollsklubb",
      "status": "SENT",
      "totalOre": 250000,
    },
    {
      "createdAt": "2026-05-13T12:00:00.000Z",
      "id": "00000000-0000-0000-0000-0000000000d2",
      "orgId": "00000000-0000-0000-0000-0000000000bb",
      "orgName": null,
      "status": "DRAFT",
      "totalOre": 150000,
    },
  ],
  "stages": [
    {
      "count": 2,
      "stage": "DRAFT",
      "totalOre": 300000,
    },
    {
      "count": 4,
      "stage": "SENT",
      "totalOre": 800000,
    },
    {
      "count": 1,
      "stage": "ACCEPTED",
      "totalOre": 250000,
    },
    {
      "count": 0,
      "stage": "REJECTED",
      "totalOre": 0,
    },
  ],
}
`;

exports[`GET /v1/portal/statistics > returns isDemo=true for empty buckets (snapshot) 1`] = `
{
  "isDemo": true,
  "kpis": {
    "activeMembersThisPeriod": 0,
    "avgOrderValue": "0 kr",
    "avgOrderValueOre": 0,
    "newMembersThisPeriod": 0,
    "prevPeriodMembersPercent": null,
    "prevPeriodOrdersPercent": null,
    "prevPeriodRevenuePercent": null,
    "totalOrders": 0,
    "totalRevenue": "0 kr",
    "totalRevenueOre": 0,
  },
  "monthlyData": [],
  "topProducts": [],
  "totals": {
    "orders": 0,
    "revenue": "0 kr",
    "revenueOre": 0,
  },
}
`;

exports[`GET /v1/portal/statistics > returns monthly buckets with formatted aliases (snapshot) 1`] = `
{
  "isDemo": false,
  "kpis": {
    "activeMembersThisPeriod": 7,
    "avgOrderValue": "300 kr",
    "avgOrderValueOre": 30000,
    "newMembersThisPeriod": 12,
    "prevPeriodMembersPercent": 50,
    "prevPeriodOrdersPercent": 50,
    "prevPeriodRevenuePercent": 80,
    "totalOrders": 9,
    "totalRevenue": "2 700 kr",
    "totalRevenueOre": 270000,
  },
  "monthlyData": [
    {
      "month": "2026-03",
      "orderCount": 4,
      "orders": 4,
      "revenue": "800 kr",
      "revenueOre": 80000,
    },
    {
      "month": "2026-04",
      "orderCount": 6,
      "orders": 6,
      "revenue": "1 500 kr",
      "revenueOre": 150000,
    },
    {
      "month": "2026-05",
      "orderCount": 9,
      "orders": 9,
      "revenue": "2 700 kr",
      "revenueOre": 270000,
    },
  ],
  "topProducts": [
    {
      "name": "Roots Schampoo",
      "productId": "00000000-0000-0000-0000-0000000000a1",
      "revenue": "900 kr",
      "revenueOre": 90000,
      "sharePercent": 54.5,
      "slug": "roots-schampoo",
      "soldUnits": 30,
    },
    {
      "name": "Roots Conditioner",
      "productId": "00000000-0000-0000-0000-0000000000a2",
      "revenue": "750 kr",
      "revenueOre": 75000,
      "sharePercent": 45.5,
      "slug": "roots-conditioner",
      "soldUnits": 25,
    },
  ],
  "totals": {
    "orders": 19,
    "revenue": "5 000 kr",
    "revenueOre": 500000,
  },
}
`;
